[2024-04-11T00:42:13.931+0530][gc,init] CardTable entry size: 512
[2024-04-11T00:42:13.931+0530][gc     ] Using G1
[2024-04-11T00:42:13.932+0530][gc,init] Version: 22+36-2370 (release)
[2024-04-11T00:42:13.932+0530][gc,init] CPUs: 8 total, 8 available
[2024-04-11T00:42:13.932+0530][gc,init] Memory: 8192M
[2024-04-11T00:42:13.932+0530][gc,init] Large Page Support: Disabled
[2024-04-11T00:42:13.932+0530][gc,init] NUMA Support: Disabled
[2024-04-11T00:42:13.932+0530][gc,init] Compressed Oops: Enabled (Zero based)
[2024-04-11T00:42:13.932+0530][gc,init] Heap Region Size: 1M
[2024-04-11T00:42:13.932+0530][gc,init] Heap Min Capacity: 1G
[2024-04-11T00:42:13.932+0530][gc,init] Heap Initial Capacity: 1G
[2024-04-11T00:42:13.932+0530][gc,init] Heap Max Capacity: 1G
[2024-04-11T00:42:13.932+0530][gc,init] Pre-touch: Disabled
[2024-04-11T00:42:13.932+0530][gc,init] Parallel Workers: 8
[2024-04-11T00:42:13.932+0530][gc,init] Concurrent Workers: 2
[2024-04-11T00:42:13.932+0530][gc,init] Concurrent Refinement Workers: 8
[2024-04-11T00:42:13.932+0530][gc,init] Periodic GC: Disabled
[2024-04-11T00:42:13.936+0530][gc,metaspace] CDS archive(s) mapped at: [0x0000000300000000-0x0000000300c70000-0x0000000300c70000), size 13041664, SharedBaseAddress: 0x0000000300000000, ArchiveRelocationMode: 1.
[2024-04-11T00:42:13.936+0530][gc,metaspace] Compressed class space mapped at: 0x0000000301000000-0x0000000341000000, reserved size: 1073741824
[2024-04-11T00:42:13.936+0530][gc,metaspace] Narrow klass base: 0x0000000300000000, Narrow klass shift: 0, Narrow klass range: 0x100000000
[2024-04-11T00:42:14.960+0530][gc,start    ] GC(0) Pause Young (Normal) (G1 Evacuation Pause)
[2024-04-11T00:42:14.960+0530][gc,task     ] GC(0) Using 8 workers of 8 for evacuation
[2024-04-11T00:42:14.964+0530][gc,phases   ] GC(0)   Pre Evacuate Collection Set: 0.14ms
[2024-04-11T00:42:14.964+0530][gc,phases   ] GC(0)   Merge Heap Roots: 0.20ms
[2024-04-11T00:42:14.964+0530][gc,phases   ] GC(0)   Evacuate Collection Set: 2.61ms
[2024-04-11T00:42:14.964+0530][gc,phases   ] GC(0)   Post Evacuate Collection Set: 0.25ms
[2024-04-11T00:42:14.964+0530][gc,phases   ] GC(0)   Other: 0.34ms
[2024-04-11T00:42:14.964+0530][gc,heap     ] GC(0) Eden regions: 51->0(44)
[2024-04-11T00:42:14.964+0530][gc,heap     ] GC(0) Survivor regions: 0->7(7)
[2024-04-11T00:42:14.964+0530][gc,heap     ] GC(0) Old regions: 2->4
[2024-04-11T00:42:14.964+0530][gc,heap     ] GC(0) Humongous regions: 0->0
[2024-04-11T00:42:14.964+0530][gc,metaspace] GC(0) Metaspace: 17429K(17664K)->17429K(17664K) NonClass: 15374K(15488K)->15374K(15488K) Class: 2054K(2176K)->2054K(2176K)
[2024-04-11T00:42:14.964+0530][gc          ] GC(0) Pause Young (Normal) (G1 Evacuation Pause) 52M->9M(1024M) 4.291ms
[2024-04-11T00:42:14.964+0530][gc,cpu      ] GC(0) User=0.01s Sys=0.00s Real=0.00s
[2024-04-11T00:42:15.087+0530][gc,start    ] GC(1) Pause Young (Concurrent Start) (Metadata GC Threshold)
[2024-04-11T00:42:15.087+0530][gc,task     ] GC(1) Using 8 workers of 8 for evacuation
[2024-04-11T00:42:15.090+0530][gc,phases   ] GC(1)   Pre Evacuate Collection Set: 0.15ms
[2024-04-11T00:42:15.090+0530][gc,phases   ] GC(1)   Merge Heap Roots: 0.03ms
[2024-04-11T00:42:15.090+0530][gc,phases   ] GC(1)   Evacuate Collection Set: 1.76ms
[2024-04-11T00:42:15.090+0530][gc,phases   ] GC(1)   Post Evacuate Collection Set: 0.16ms
[2024-04-11T00:42:15.090+0530][gc,phases   ] GC(1)   Other: 0.06ms
[2024-04-11T00:42:15.090+0530][gc,heap     ] GC(1) Eden regions: 15->0(49)
[2024-04-11T00:42:15.090+0530][gc,heap     ] GC(1) Survivor regions: 7->2(7)
[2024-04-11T00:42:15.090+0530][gc,heap     ] GC(1) Old regions: 4->10
[2024-04-11T00:42:15.090+0530][gc,heap     ] GC(1) Humongous regions: 0->0
[2024-04-11T00:42:15.090+0530][gc,metaspace] GC(1) Metaspace: 21209K(21504K)->21209K(21504K) NonClass: 18688K(18880K)->18688K(18880K) Class: 2521K(2624K)->2521K(2624K)
[2024-04-11T00:42:15.090+0530][gc          ] GC(1) Pause Young (Concurrent Start) (Metadata GC Threshold) 24M->10M(1024M) 2.302ms
[2024-04-11T00:42:15.090+0530][gc,cpu      ] GC(1) User=0.01s Sys=0.00s Real=0.01s
[2024-04-11T00:42:15.090+0530][gc          ] GC(2) Concurrent Mark Cycle
[2024-04-11T00:42:15.090+0530][gc,marking  ] GC(2) Concurrent Scan Root Regions
[2024-04-11T00:42:15.091+0530][gc,marking  ] GC(2) Concurrent Scan Root Regions 1.444ms
[2024-04-11T00:42:15.091+0530][gc,marking  ] GC(2) Concurrent Mark
[2024-04-11T00:42:15.091+0530][gc,marking  ] GC(2) Concurrent Mark From Roots
[2024-04-11T00:42:15.091+0530][gc,task     ] GC(2) Using 2 workers of 2 for marking
[2024-04-11T00:42:15.092+0530][gc,marking  ] GC(2) Concurrent Mark From Roots 0.748ms
[2024-04-11T00:42:15.092+0530][gc,marking  ] GC(2) Concurrent Preclean
[2024-04-11T00:42:15.092+0530][gc,marking  ] GC(2) Concurrent Preclean 0.005ms
[2024-04-11T00:42:15.092+0530][gc,start    ] GC(2) Pause Remark
[2024-04-11T00:42:15.093+0530][gc          ] GC(2) Pause Remark 11M->11M(1024M) 0.857ms
[2024-04-11T00:42:15.093+0530][gc,cpu      ] GC(2) User=0.00s Sys=0.00s Real=0.00s
[2024-04-11T00:42:15.093+0530][gc,marking  ] GC(2) Concurrent Mark 1.703ms
[2024-04-11T00:42:15.093+0530][gc,marking  ] GC(2) Concurrent Rebuild Remembered Sets and Scrub Regions
[2024-04-11T00:42:15.094+0530][gc,marking  ] GC(2) Concurrent Rebuild Remembered Sets and Scrub Regions 1.520ms
[2024-04-11T00:42:15.095+0530][gc,start    ] GC(2) Pause Cleanup
[2024-04-11T00:42:15.095+0530][gc          ] GC(2) Pause Cleanup 11M->11M(1024M) 0.073ms
[2024-04-11T00:42:15.095+0530][gc,cpu      ] GC(2) User=0.00s Sys=0.00s Real=0.00s
[2024-04-11T00:42:15.095+0530][gc,marking  ] GC(2) Concurrent Clear Claimed Marks
[2024-04-11T00:42:15.095+0530][gc,marking  ] GC(2) Concurrent Clear Claimed Marks 0.009ms
[2024-04-11T00:42:15.095+0530][gc,marking  ] GC(2) Concurrent Cleanup for Next Mark
[2024-04-11T00:42:15.096+0530][gc,marking  ] GC(2) Concurrent Cleanup for Next Mark 1.207ms
[2024-04-11T00:42:15.096+0530][gc          ] GC(2) Concurrent Mark Cycle 6.163ms
[2024-04-11T00:42:15.417+0530][gc,start    ] GC(3) Pause Young (Prepare Mixed) (G1 Evacuation Pause)
[2024-04-11T00:42:15.417+0530][gc,task     ] GC(3) Using 8 workers of 8 for evacuation
[2024-04-11T00:42:15.419+0530][gc,phases   ] GC(3)   Pre Evacuate Collection Set: 0.09ms
[2024-04-11T00:42:15.419+0530][gc,phases   ] GC(3)   Merge Heap Roots: 0.04ms
[2024-04-11T00:42:15.419+0530][gc,phases   ] GC(3)   Evacuate Collection Set: 1.88ms
[2024-04-11T00:42:15.419+0530][gc,phases   ] GC(3)   Post Evacuate Collection Set: 0.23ms
[2024-04-11T00:42:15.419+0530][gc,phases   ] GC(3)   Other: 0.04ms
[2024-04-11T00:42:15.419+0530][gc,heap     ] GC(3) Eden regions: 49->0(44)
[2024-04-11T00:42:15.419+0530][gc,heap     ] GC(3) Survivor regions: 2->7(7)
[2024-04-11T00:42:15.419+0530][gc,heap     ] GC(3) Old regions: 10->11
[2024-04-11T00:42:15.419+0530][gc,heap     ] GC(3) Humongous regions: 129->129
[2024-04-11T00:42:15.419+0530][gc,metaspace] GC(3) Metaspace: 32202K(32512K)->32202K(32512K) NonClass: 28620K(28800K)->28620K(28800K) Class: 3581K(3712K)->3581K(3712K)
[2024-04-11T00:42:15.419+0530][gc          ] GC(3) Pause Young (Prepare Mixed) (G1 Evacuation Pause) (Evacuation Failure: Pinned) 188M->145M(1024M) 2.392ms
[2024-04-11T00:42:15.419+0530][gc,cpu      ] GC(3) User=0.01s Sys=0.00s Real=0.00s
[2024-04-11T00:42:45.136+0530][gc,start    ] GC(4) Pause Young (Mixed) (Metadata GC Threshold)
[2024-04-11T00:42:45.138+0530][gc,task     ] GC(4) Using 8 workers of 8 for evacuation
[2024-04-11T00:42:45.153+0530][gc,phases   ] GC(4)   Pre Evacuate Collection Set: 1.85ms
[2024-04-11T00:42:45.153+0530][gc,phases   ] GC(4)   Merge Heap Roots: 0.39ms
[2024-04-11T00:42:45.153+0530][gc,phases   ] GC(4)   Evacuate Collection Set: 10.39ms
[2024-04-11T00:42:45.153+0530][gc,phases   ] GC(4)   Post Evacuate Collection Set: 0.79ms
[2024-04-11T00:42:45.153+0530][gc,phases   ] GC(4)   Other: 1.07ms
[2024-04-11T00:42:45.153+0530][gc,heap     ] GC(4) Eden regions: 16->0(49)
[2024-04-11T00:42:45.153+0530][gc,heap     ] GC(4) Survivor regions: 7->2(7)
[2024-04-11T00:42:45.153+0530][gc,heap     ] GC(4) Old regions: 11->16
[2024-04-11T00:42:45.153+0530][gc,heap     ] GC(4) Humongous regions: 129->129
[2024-04-11T00:42:45.153+0530][gc,metaspace] GC(4) Metaspace: 35722K(35968K)->35722K(35968K) NonClass: 31655K(31808K)->31655K(31808K) Class: 4066K(4160K)->4066K(4160K)
[2024-04-11T00:42:45.153+0530][gc          ] GC(4) Pause Young (Mixed) (Metadata GC Threshold) 161M->145M(1024M) 17.031ms
[2024-04-11T00:42:45.153+0530][gc,cpu      ] GC(4) User=0.02s Sys=0.03s Real=0.02s
[2024-04-11T00:44:17.708+0530][gc,start    ] GC(5) Pause Young (Concurrent Start) (Metadata GC Threshold)
[2024-04-11T00:44:17.709+0530][gc,task     ] GC(5) Using 8 workers of 8 for evacuation
[2024-04-11T00:44:17.711+0530][gc,phases   ] GC(5)   Pre Evacuate Collection Set: 0.48ms
[2024-04-11T00:44:17.711+0530][gc,phases   ] GC(5)   Merge Heap Roots: 0.05ms
[2024-04-11T00:44:17.711+0530][gc,phases   ] GC(5)   Evacuate Collection Set: 1.15ms
[2024-04-11T00:44:17.711+0530][gc,phases   ] GC(5)   Post Evacuate Collection Set: 0.16ms
[2024-04-11T00:44:17.711+0530][gc,phases   ] GC(5)   Other: 0.08ms
[2024-04-11T00:44:17.711+0530][gc,heap     ] GC(5) Eden regions: 5->0(50)
[2024-04-11T00:44:17.711+0530][gc,heap     ] GC(5) Survivor regions: 2->1(7)
[2024-04-11T00:44:17.711+0530][gc,heap     ] GC(5) Old regions: 16->16
[2024-04-11T00:44:17.711+0530][gc,heap     ] GC(5) Humongous regions: 129->129
[2024-04-11T00:44:17.711+0530][gc,metaspace] GC(5) Metaspace: 35999K(36288K)->35999K(36288K) NonClass: 31889K(32064K)->31889K(32064K) Class: 4110K(4224K)->4110K(4224K)
[2024-04-11T00:44:17.711+0530][gc          ] GC(5) Pause Young (Concurrent Start) (Metadata GC Threshold) 150M->145M(1024M) 2.878ms
[2024-04-11T00:44:17.711+0530][gc,cpu      ] GC(5) User=0.01s Sys=0.01s Real=0.01s
[2024-04-11T00:44:17.711+0530][gc          ] GC(6) Concurrent Mark Cycle
[2024-04-11T00:44:17.711+0530][gc,marking  ] GC(6) Concurrent Scan Root Regions
[2024-04-11T00:44:17.712+0530][gc,marking  ] GC(6) Concurrent Scan Root Regions 0.746ms
[2024-04-11T00:44:17.712+0530][gc,marking  ] GC(6) Concurrent Mark
[2024-04-11T00:44:17.712+0530][gc,marking  ] GC(6) Concurrent Mark From Roots
[2024-04-11T00:44:17.712+0530][gc,task     ] GC(6) Using 2 workers of 2 for marking
[2024-04-11T00:44:17.718+0530][gc,marking  ] GC(6) Concurrent Mark From Roots 6.075ms
[2024-04-11T00:44:17.718+0530][gc,marking  ] GC(6) Concurrent Preclean
[2024-04-11T00:44:17.718+0530][gc,marking  ] GC(6) Concurrent Preclean 0.048ms
[2024-04-11T00:44:17.718+0530][gc,start    ] GC(6) Pause Remark
[2024-04-11T00:44:17.721+0530][gc          ] GC(6) Pause Remark 145M->145M(1024M) 3.261ms
[2024-04-11T00:44:17.721+0530][gc,cpu      ] GC(6) User=0.00s Sys=0.01s Real=0.01s
[2024-04-11T00:44:17.721+0530][gc,marking  ] GC(6) Concurrent Mark 9.505ms
[2024-04-11T00:44:17.721+0530][gc,marking  ] GC(6) Concurrent Rebuild Remembered Sets and Scrub Regions
[2024-04-11T00:44:17.724+0530][gc,marking  ] GC(6) Concurrent Rebuild Remembered Sets and Scrub Regions 2.979ms
[2024-04-11T00:44:17.725+0530][gc,start    ] GC(6) Pause Cleanup
[2024-04-11T00:44:17.725+0530][gc          ] GC(6) Pause Cleanup 146M->146M(1024M) 0.092ms
[2024-04-11T00:44:17.725+0530][gc,cpu      ] GC(6) User=0.00s Sys=0.00s Real=0.00s
[2024-04-11T00:44:17.725+0530][gc,marking  ] GC(6) Concurrent Clear Claimed Marks
[2024-04-11T00:44:17.725+0530][gc,marking  ] GC(6) Concurrent Clear Claimed Marks 0.021ms
[2024-04-11T00:44:17.725+0530][gc,marking  ] GC(6) Concurrent Cleanup for Next Mark
[2024-04-11T00:44:17.726+0530][gc,marking  ] GC(6) Concurrent Cleanup for Next Mark 1.298ms
[2024-04-11T00:44:17.726+0530][gc          ] GC(6) Concurrent Mark Cycle 14.834ms
[2024-04-11T00:47:34.720+0530][gc,heap,exit] Heap
[2024-04-11T00:47:34.721+0530][gc,heap,exit]  garbage-first heap   total reserved 1048576K, committed 1048576K, used 175212K [0x00000007c0000000, 0x0000000800000000)
[2024-04-11T00:47:34.721+0530][gc,heap,exit]   region size 1024K, 27 young (27648K), 1 survivors (1024K)
[2024-04-11T00:47:34.721+0530][gc,heap,exit]  Metaspace       used 39504K, committed 40000K, reserved 1114112K
[2024-04-11T00:47:34.721+0530][gc,heap,exit]   class space    used 4807K, committed 4992K, reserved 1048576K
