[2024-04-11T00:39:54.525+0530][gc,init] CardTable entry size: 512
[2024-04-11T00:39:54.525+0530][gc     ] Using G1
[2024-04-11T00:39:54.526+0530][gc,init] Version: 22+36-2370 (release)
[2024-04-11T00:39:54.526+0530][gc,init] CPUs: 8 total, 8 available
[2024-04-11T00:39:54.526+0530][gc,init] Memory: 8192M
[2024-04-11T00:39:54.526+0530][gc,init] Large Page Support: Disabled
[2024-04-11T00:39:54.526+0530][gc,init] NUMA Support: Disabled
[2024-04-11T00:39:54.526+0530][gc,init] Compressed Oops: Enabled (Zero based)
[2024-04-11T00:39:54.526+0530][gc,init] Heap Region Size: 1M
[2024-04-11T00:39:54.526+0530][gc,init] Heap Min Capacity: 512M
[2024-04-11T00:39:54.526+0530][gc,init] Heap Initial Capacity: 512M
[2024-04-11T00:39:54.526+0530][gc,init] Heap Max Capacity: 512M
[2024-04-11T00:39:54.526+0530][gc,init] Pre-touch: Disabled
[2024-04-11T00:39:54.526+0530][gc,init] Parallel Workers: 8
[2024-04-11T00:39:54.526+0530][gc,init] Concurrent Workers: 2
[2024-04-11T00:39:54.526+0530][gc,init] Concurrent Refinement Workers: 8
[2024-04-11T00:39:54.526+0530][gc,init] Periodic GC: Disabled
[2024-04-11T00:39:54.529+0530][gc,metaspace] CDS archive(s) mapped at: [0x0000007000000000-0x0000007000c70000-0x0000007000c70000), size 13041664, SharedBaseAddress: 0x0000007000000000, ArchiveRelocationMode: 1.
[2024-04-11T00:39:54.529+0530][gc,metaspace] Compressed class space mapped at: 0x0000007001000000-0x0000007041000000, reserved size: 1073741824
[2024-04-11T00:39:54.529+0530][gc,metaspace] Narrow klass base: 0x0000007000000000, Narrow klass shift: 0, Narrow klass range: 0x100000000
[2024-04-11T00:39:55.189+0530][gc,start    ] GC(0) Pause Young (Normal) (G1 Evacuation Pause)
[2024-04-11T00:39:55.189+0530][gc,task     ] GC(0) Using 8 workers of 8 for evacuation
[2024-04-11T00:39:55.192+0530][gc,phases   ] GC(0)   Pre Evacuate Collection Set: 0.07ms
[2024-04-11T00:39:55.192+0530][gc,phases   ] GC(0)   Merge Heap Roots: 0.06ms
[2024-04-11T00:39:55.192+0530][gc,phases   ] GC(0)   Evacuate Collection Set: 2.01ms
[2024-04-11T00:39:55.192+0530][gc,phases   ] GC(0)   Post Evacuate Collection Set: 0.23ms
[2024-04-11T00:39:55.192+0530][gc,phases   ] GC(0)   Other: 0.17ms
[2024-04-11T00:39:55.192+0530][gc,heap     ] GC(0) Eden regions: 25->0(21)
[2024-04-11T00:39:55.192+0530][gc,heap     ] GC(0) Survivor regions: 0->4(4)
[2024-04-11T00:39:55.192+0530][gc,heap     ] GC(0) Old regions: 2->7
[2024-04-11T00:39:55.192+0530][gc,heap     ] GC(0) Humongous regions: 0->0
[2024-04-11T00:39:55.192+0530][gc,metaspace] GC(0) Metaspace: 7896K(8000K)->7896K(8000K) NonClass: 7034K(7104K)->7034K(7104K) Class: 861K(896K)->861K(896K)
[2024-04-11T00:39:55.192+0530][gc          ] GC(0) Pause Young (Normal) (G1 Evacuation Pause) 26M->9M(512M) 3.120ms
[2024-04-11T00:39:55.192+0530][gc,cpu      ] GC(0) User=0.00s Sys=0.00s Real=0.01s
[2024-04-11T00:47:39.361+0530][gc,heap,exit] Heap
[2024-04-11T00:47:39.361+0530][gc,heap,exit]  garbage-first heap   total reserved 524288K, committed 524288K, used 16753K [0x00000007e0000000, 0x0000000800000000)
[2024-04-11T00:47:39.361+0530][gc,heap,exit]   region size 1024K, 12 young (12288K), 4 survivors (4096K)
[2024-04-11T00:47:39.361+0530][gc,heap,exit]  Metaspace       used 8948K, committed 9216K, reserved 1114112K
[2024-04-11T00:47:39.361+0530][gc,heap,exit]   class space    used 974K, committed 1088K, reserved 1048576K
